{
    "Should filter samples": {
        "content": [
            {
                "0": [
                    [
                        "B6-16",
                        "B6-16_01Jan25_samplelist.csv:md5,a120ddf21941dacf53ebee5cbbb1f069"
                    ]
                ],
                "1": [
                    "B6-16_01Jan25_highN.csv:md5,d0a1e8ed4db38012ef747da64d57f1df"
                ],
                "excludedSamples": [
                    "B6-16_01Jan25_highN.csv:md5,d0a1e8ed4db38012ef747da64d57f1df"
                ],
                "includedSamples": [
                    [
                        "B6-16",
                        "B6-16_01Jan25_samplelist.csv:md5,a120ddf21941dacf53ebee5cbbb1f069"
                    ]
                ]
            }
        ],
        "meta": {
            "nf-test": "0.9.2",
            "nextflow": "25.04.8"
        },
        "timestamp": "2025-12-04T10:24:57.349130627"
    }
}