{
    "Should generate metadata": {
        "content": [
            {
                "0": [
                    "metadata.json:md5,fde07aacbc6baba587808dc635f4d116"
                ]
            }
        ],
        "meta": {
            "nf-test": "0.9.2",
            "nextflow": "25.04.6"
        },
        "timestamp": "2025-08-29T13:51:40.146442069"
    }
}